Microchip MPLAB XC8 Compiler V3.00

Linker command line:

-W-3 \
  --edf=C:\Program Files\Microchip\xc8\v3.00\pic\dat\20241204225717_en.msgs \
  -cn -h+dist/default/debug\PookieBrincos.X.debug.sym \
  --cmf=dist/default/debug\PookieBrincos.X.debug.cmf -z -Q12F675 \
  -oC:\Users\diymo\AppData\Local\Temp\xcAse68.\driver_tmp_3.o \
  --defsym=__MPLAB_BUILD=1 --fixupoverflow=error \
  -Mdist/default/debug/PookieBrincos.X.debug.map \
  --md=C:\Users\diymo\AppData\Local\Temp\xcAse68.\driver_tmp_0.dat -E1 \
  -ver=XC8 Compiler -ACODE=00h-02FFh -ASTRCODE=00h-02FFh \
  -ASTRING=00h-0FFhx3 -ACONST=00h-0FFhx3 -AENTRY=00h-0FFhx3 \
  -ABANK0=020h-053h -ARAM=020h-053h -AABS1=020h-05Fh -ASFR0=00h-01Fh \
  -ASFR1=080h-0FFh -ACONFIG=02007h-02007h -DCONFIG=2 -AIDLOC=02000h-02003h \
  -DIDLOC=2 -AEEDATA=00h-07Fh/02100h -peeprom_data=EEDATA -DEEDATA=2 \
  -DCODE=2 -DSTRCODE=2 -DSTRING=2 -DCONST=2 -DENTRY=2 \
  -preset_vec=00h,intentry=04h,sivt,init,end_init -ppowerup=CODE \
  -pcinit=CODE -pfunctab=ENTRY -posccal=03FFh -k \
  C:\Users\diymo\AppData\Local\Temp\xcAse68.\driver_tmp_12.o \
  dist/default/debug\PookieBrincos.X.debug.o 

Object code version is 3.11

Machine type is 12F675



                Name                               Link     Load   Length Selector   Space Scale
C:\Users\diymo\AppData\Local\Temp\xcAse68.\driver_tmp_12.o
                end_init                              B        B        1        8       0
                reset_vec                             0        0        2        0       0
                config                             2007     2007        1        0       4
dist/default/debug\PookieBrincos.X.debug.o
                cinit                                 C        C        5        8       0
                intentry                              4        4        7        8       0
                config                             2007     2007        1        0       4
                text4                                E5       E5       13        8       0
                text3                                11       11       64        8       0
                text2                                B7       B7       1A        8       0
                text1                                D1       D1       14        8       0
                maintext                             75       75       42        8       0
                cstackBANK0                          20       20       11       20       1
                bssBANK0                             31       31        2       20       1

TOTAL           Name                               Link     Load   Length     Space
        CLASS   CODE           
                end_init                              B        B        1         0
                cinit                                 C        C        5         0
                intentry                              4        4        7         0
                reset_vec                             0        0        2         0
                text4                                E5       E5       13         0
                text3                                11       11       64         0
                text2                                B7       B7       1A         0
                text1                                D1       D1       14         0
                maintext                             75       75       42         0

        CLASS   STRCODE        

        CLASS   STRING         

        CLASS   CONST          

        CLASS   ENTRY          

        CLASS   BANK0          
                cstackBANK0                          20       20       11         1
                bssBANK0                             31       31        2         1

        CLASS   RAM            

        CLASS   ABS1           
                abs_s1                                0        0        0         1

        CLASS   SFR0           

        CLASS   SFR1           

        CLASS   CONFIG         
                config                             2007     2007        1         4

        CLASS   IDLOC          

        CLASS   EEDATA         

        CLASS   COMMON         

        CLASS   BANK1          

        CLASS   HEAP           

        CLASS   STACK          



SEGMENTS        Name                           Load    Length   Top    Selector   Space  Class     Delta

                reset_vec                      000000  000002  000002         0       0  CODE        2
                intentry                       000004  0000F4  0000F8         8       0  CODE        2
                cstackBANK0                    000020  000013  000033        20       1  BANK0       1


UNUSED ADDRESS RANGES

        Name                Unused          Largest block    Delta
        BANK0            0033-0053             21           1
        CODE             0002-0003              2           2
                         00F8-02FF            208
        CONST            0002-0003              2           2
                         00F8-02FF            100
        EEDATA           2100-217F             80           2
        ENTRY            0002-0003              2           2
                         00F8-02FF            100
        IDLOC            2000-2003              4           2
        RAM              0033-0053             21           1
        SFR0             0000-001F             20           1
        SFR1             0080-00FF             80           1
        STRCODE          0002-0003              2           2
                         00F8-02FF            208
        STRING           0002-0003              2           2
                         00F8-02FF            100

                                  Symbol Table

?_SenseIO                cstackBANK0  002A
?___awdiv                cstackBANK0  0022
SenseIO@Analog           cstackBANK0  002C
_ADCWINDOW               bssBANK0     0031
_ADFM                    (abs)        00FF
_ADON                    (abs)        00F8
_ADRESH                  (abs)        001E
_ADRESL                  (abs)        009E
_ANS0                    (abs)        04F8
_CHS0                    (abs)        00FA
_CHS1                    (abs)        00FB
_GIE                     (abs)        005F
_GO_DONE                 (abs)        00F9
_GP1                     (abs)        0029
_GP5                     (abs)        002D
_PSA                     (abs)        040B
_SenseIO                 text2        00B7
_T0CS                    (abs)        040D
_T0IE                    (abs)        005D
_T0IF                    (abs)        005A
_TMR0                    (abs)        0001
_TRISIO0                 (abs)        0428
_TRISIO1                 (abs)        0429
_TRISIO5                 (abs)        042D
_VCFG                    (abs)        00FE
__H__absolute__          __absolute__ 0000
__Habs1                  abs1         07FE
__Hbank0                 bank0        07FE
__Hbank1                 bank1        07FE
__HbssBANK0              bssBANK0     07FE
__Hcinit                 cinit        0011
__Hclrtext               clrtext      07FE
__Hcode                  code         07FE
__Hcommon                common       07FE
__Hconfig                config       2008
__HcstackBANK0           cstackBANK0  07FE
__Heeprom_data           eeprom_data  0000
__Hend_init              end_init     000C
__Hfunctab               functab      0000
__Hheap                  heap         07FE
__Hinit                  init         000B
__Hintentry              intentry     000B
__Hmaintext              maintext     07FE
__Hosccal                osccal       03FF
__Hpowerup               powerup      0000
__Hram                   ram          07FE
__Hreset_vec             reset_vec    0002
__Hsfr0                  sfr0         07FE
__Hsfr1                  sfr1         07FE
__Hsivt                  sivt         000B
__Hspace_0               (abs)        07FE
__Hspace_1               (abs)        07FE
__Hspace_2               (abs)        07FE
__Hspace_3               (abs)        0000
__Hspace_4               (abs)        400F
__Hstack                 stack        07FE
__Hstrings               strings      07FE
__Htext                  text         07FE
__L__absolute__          __absolute__ 0000
__Labs1                  abs1         07FE
__Lbank0                 bank0        07FE
__Lbank1                 bank1        07FE
__LbssBANK0              bssBANK0     07FE
__Lcinit                 cinit        000C
__Lclrtext               clrtext      07FE
__Lcode                  code         07FE
__Lcommon                common       07FE
__Lconfig                config       0000
__LcstackBANK0           cstackBANK0  07FE
__Leeprom_data           eeprom_data  0000
__Lend_init              end_init     000B
__Lfunctab               functab      0000
__Lheap                  heap         07FE
__Linit                  init         000B
__Lintentry              intentry     0004
__Lmaintext              maintext     07FE
__Losccal                osccal       03FF
__Lpowerup               powerup      0000
__Lram                   ram          07FE
__Lreset_vec             reset_vec    0000
__Lsfr0                  sfr0         07FE
__Lsfr1                  sfr1         07FE
__Lsivt                  sivt         000B
__Lspace_0               (abs)        0000
__Lspace_1               (abs)        0000
__Lspace_2               (abs)        0000
__Lspace_3               (abs)        0000
__Lspace_4               (abs)        0000
__Lstack                 stack        07FE
__Lstrings               strings      07FE
__Ltext                  text         07FE
__S0                     (abs)        00F8
__S1                     (abs)        0033
__S3                     (abs)        0000
___awdiv                 text3        0011
___awdiv@counter         cstackBANK0  0026
___awdiv@dividend        cstackBANK0  0024
___awdiv@divisor         cstackBANK0  0022
___awdiv@quotient        cstackBANK0  0028
___awdiv@sign            cstackBANK0  0027
___heap_hi               (abs)        0000
___heap_lo               (abs)        0000
___int_sp                stack        07FE
___int_stack_hi          stack        07FE
___int_stack_lo          stack        07FE
___latbits               (abs)        0000
___osccal_val            osccal       03FF
___sp                    stack        07FE
___stack_hi              stack        07FE
___stack_lo              stack        07FE
___stackhi               (abs)        0000
___stacklo               (abs)        0000
__end_of_SenseIO         text2        00D1
__end_of___awdiv         text3        0075
__end_of__initialization cinit        000F
__end_of_isr             text4        00F8
__end_of_main            maintext     00B7
__end_of_setupbits       text1        00E5
__initialization         cinit        000C
__pbssBANK0              bssBANK0     0031
__pcstackBANK0           cstackBANK0  0020
__pintentry              intentry     0004
__pmaintext              maintext     0075
__ptext1                 text1        00D1
__ptext2                 text2        00B7
__ptext3                 text3        0011
__ptext4                 text4        00E5
_isr                     text4        00E5
_main                    maintext     0075
_setupbits               text1        00D1
btemp                    (abs)        0000
end_of_initialization    cinit        000F
interrupt_function       intentry     0004
intlevel0                functab      0000
intlevel1                functab      0000
intlevel2                functab      0000
intlevel3                functab      0000
intlevel4                functab      0000
intlevel5                functab      0000
main@duty_cycle          cstackBANK0  002F
reset_vec                reset_vec    0000
saved_w                  (abs)        0000
start                    init         000B
start_initialization     cinit        000C


MODULE INFORMATION

Module		Function		Class		Link	Load	Size
shared
		__initialization		CODE           	000C	0000	3

shared estimated size: 3

C:\Program Files\Microchip\xc8\v3.00\pic\sources\c99\common\awdiv.c
		___awdiv       		CODE           	0011	0000	100

C:\Program Files\Microchip\xc8\v3.00\pic\sources\c99\common\awdiv.c estimated size: 100

main.c
		_main          		CODE           	0075	0000	66
		_isr           		CODE           	00E5	0000	19
		_SenseIO       		CODE           	00B7	0000	26
		_setupbits     		CODE           	00D1	0000	20

main.c estimated size: 131

